npx : FAIL src/components/__te
sts__/theme-toggle.test.tsx
At line:1 char:14
+ ... env:CI='1'; npx jest 
--config jest.config.mjs 
--runInBand --verbose * ...
+                 ~~~~~~~~~~~~
~~~~~~~~~~~~~~~~~~~~~~~~~~~~~~
~~~~~~~~~~~~~~~
    + CategoryInfo          : 
    NotSpecified: (FAIL src/  
  compon...toggle.test.tsx:   
 String) [], RemoteExcepti    
on
    + FullyQualifiedErrorId : 
    NativeCommandError
 
  ThemeToggle Component
    ΓêÜ should render the 
toggle button (224 ms)
    ├ù should open the 
dropdown and show theme 
options on click (54 ms)
    ├ù should call setTheme 
with "light" when light 
option is clicked (29 ms)
    ├ù should call setTheme 
with "dark" when dark option 
is clicked (36 ms)
    ├ù should call setTheme 
with "system" when system 
option is clicked (28 ms)

  ΓùÅ ThemeToggle Component 
ΓÇ║ should open the dropdown 
and show theme options on 
click

    
TestingLibraryElementError: 
Unable to find an element 
with the text: /(?:╪º┘ä┘ê╪╢╪╣ 
╪º┘ä┘ü╪º╪¬╪¡|light)/i. This 
could be because the text is 
broken up by multiple 
elements. In this case, you 
can provide a function for 
your text matcher to make 
your matcher more flexible.

    Ignored nodes: comments, 
script, style
    [36m<body>[39m
      [36m<div>[39m
        [36m<button[39m
          [33maria-expanded[
39m=[32m"false"[39m
          [33maria-haspopup[
39m=[32m"menu"[39m
          [33mclass[39m=[32
m"inline-flex items-center 
justify-center 
whitespace-nowrap text-sm 
font-medium 
ring-offset-background 
transition-colors 
focus-visible:outline-none 
focus-visible:ring-2 
focus-visible:ring-ring 
focus-visible:ring-offset-2 
disabled:pointer-events-none 
disabled:opacity-50 
hover:bg-accent 
hover:text-accent-foreground 
h-9 w-9 relative 
rounded-full"[39m
          [33mdata-state[39m
=[32m"closed"[39m
          [33mid[39m=[32m"r
adix-:r2:"[39m
          [33mtype[39m=[32m
"button"[39m
        [36m>[39m
          [36m<svg[39m
            [33maria-hidden[
39m=[32m"true"[39m
            
[33mclass[39m=[32m"lucide 
lucide-sun h-5 w-5 rotate-0 
scale-100 transition-all 
dark:-rotate-90 
dark:scale-0"[39m
            [33mfill[39m=[3
2m"none"[39m
            [33mheight[39m=
[32m"24"[39m
            [33mstroke[39m=
[32m"currentColor"[39m
            [33mstroke-lineca
p[39m=[32m"round"[39m
            [33mstroke-linejo
in[39m=[32m"round"[39m
            [33mstroke-width
[39m=[32m"2"[39m
            
[33mviewBox[39m=[32m"0 0 
24 24"[39m
            
[33mwidth[39m=[32m"24"[39m
            [33mxmlns[39m=[
32m"http://www.w3.org/2000/svg
"[39m
          [36m>[39m
            [36m<circle[39m
              
[33mcx[39m=[32m"12"[39m
              
[33mcy[39m=[32m"12"[39m
              
[33mr[39m=[32m"4"[39m
            [36m/>[39m
            [36m<path[39m
              
[33md[39m=[32m"M12 
2v2"[39m
            [36m/>[39m
            [36m<path[39m
              
[33md[39m=[32m"M12 
20v2"[39m
            [36m/>[39m
            [36m<path[39m
              
[33md[39m=[32m"m4.93 4.93 
1.41 1.41"[39m
            [36m/>[39m
            [36m<path[39m
              
[33md[39m=[32m"m17.66 
17.66 1.41 1.41"[39m
            [36m/>[39m
            [36m<path[39m
              
[33md[39m=[32m"M2 
12h2"[39m
            [36m/>[39m
            [36m<path[39m
              
[33md[39m=[32m"M20 
12h2"[39m
            [36m/>[39m
            [36m<path[39m
              
[33md[39m=[32m"m6.34 
17.66-1.41 1.41"[39m
            [36m/>[39m
            [36m<path[39m
              
[33md[39m=[32m"m19.07 
4.93-1.41 1.41"[39m
            [36m/>[39m
          [36m</svg>[39m
          [36m<svg[39m
            [33maria-hidden[
39m=[32m"true"[39m
            
[33mclass[39m=[32m"lucide 
lucide-moon absolute h-5 w-5 
rotate-90 scale-0 
transition-all dark:rotate-0 
dark:scale-100"[39m
            [33mfill[39m=[3
2m"none"[39m
            [33mheight[39m=
[32m"24"[39m
            [33mstroke[39m=
[32m"currentColor"[39m
            [33mstroke-lineca
p[39m=[32m"round"[39m
            [33mstroke-linejo
in[39m=[32m"round"[39m
            [33mstroke-width
[39m=[32m"2"[39m
            
[33mviewBox[39m=[32m"0 0 
24 24"[39m
            
[33mwidth[39m=[32m"24"[39m
            [33mxmlns[39m=[
32m"http://www.w3.org/2000/svg
"[39m
          [36m>[39m
            [36m<path[39m
              
[33md[39m=[32m"M20.985 
12.486a9 9 0 1 1-9.473-9.472c.
405-.022.617.46.402.803a6 6 0 
0 0 8.268 8.268c.344-.215.825-
.004.803.401"[39m
            [36m/>[39m
          [36m</svg>[39m
          [36m<span[39m
            [33mclass[39m=[
32m"sr-only"[39m
          [36m>[39m
            [0m╪¬╪¿╪»┘è┘ä 
╪º┘ä╪│┘à╪⌐[0m
          [36m</span>[39m
        [36m</button>[39m
      [36m</div>[39m
    [36m</body>[39m

    [0m [90m 33 |[39m     f
ireEvent[33m.[39mclick(butto
n)
     [90m 34 |[39m
    [31m[1m>[22m[39m[90m 
35 |[39m     expect(screen[3
3m.[39mgetByText([35m/(?:╪º┘
ä┘ê╪╢╪╣ ╪º┘ä┘ü╪º╪¬╪¡|light)/i
[39m))[33m.[39mtoBeInTheDocu
ment()
     [90m    |[39m          
         [31m[1m^[22m[39m
     [90m 36 |[39m     expec
t(screen[33m.[39mgetByText(
[35m/(?:╪º┘ä┘ê╪╢╪╣ ╪º┘ä╪»╪º┘â┘
å|dark)/i[39m))[33m.[39mtoB
eInTheDocument()
     [90m 37 |[39m     expec
t(screen[33m.[39mgetByText(
[35m/(?:┘å╪╕╪º┘à ╪º┘ä╪¼┘ç╪º╪▓|
system)/i[39m))[33m.[39mtoB
eInTheDocument()
     [90m 38 |[39m   })[0m

      at 
Object.getElementError (node_m
odules/@testing-library/dom/di
st/config.js:37:19)
      at node_modules/@testing
-library/dom/dist/query-helper
s.js:76:38
      at node_modules/@testing
-library/dom/dist/query-helper
s.js:52:17
      at node_modules/@testing
-library/dom/dist/query-helper
s.js:95:19
      at Object.getByText (src
/components/__tests__/theme-to
ggle.test.tsx:35:19)

  ΓùÅ ThemeToggle Component 
ΓÇ║ should call setTheme with 
"light" when light option is 
clicked

    
TestingLibraryElementError: 
Unable to find an element 
with the text: /(?:╪º┘ä┘ê╪╢╪╣ 
╪º┘ä┘ü╪º╪¬╪¡|light)/i. This 
could be because the text is 
broken up by multiple 
elements. In this case, you 
can provide a function for 
your text matcher to make 
your matcher more flexible.

    Ignored nodes: comments, 
script, style
    [36m<body>[39m
      [36m<div>[39m
        [36m<button[39m
          [33maria-expanded[
39m=[32m"false"[39m
          [33maria-haspopup[
39m=[32m"menu"[39m
          [33mclass[39m=[32
m"inline-flex items-center 
justify-center 
whitespace-nowrap text-sm 
font-medium 
ring-offset-background 
transition-colors 
focus-visible:outline-none 
focus-visible:ring-2 
focus-visible:ring-ring 
focus-visible:ring-offset-2 
disabled:pointer-events-none 
disabled:opacity-50 
hover:bg-accent 
hover:text-accent-foreground 
h-9 w-9 relative 
rounded-full"[39m
          [33mdata-state[39m
=[32m"closed"[39m
          [33mid[39m=[32m"r
adix-:r4:"[39m
          [33mtype[39m=[32m
"button"[39m
        [36m>[39m
          [36m<svg[39m
            [33maria-hidden[
39m=[32m"true"[39m
            
[33mclass[39m=[32m"lucide 
lucide-sun h-5 w-5 rotate-0 
scale-100 transition-all 
dark:-rotate-90 
dark:scale-0"[39m
            [33mfill[39m=[3
2m"none"[39m
            [33mheight[39m=
[32m"24"[39m
            [33mstroke[39m=
[32m"currentColor"[39m
            [33mstroke-lineca
p[39m=[32m"round"[39m
            [33mstroke-linejo
in[39m=[32m"round"[39m
            [33mstroke-width
[39m=[32m"2"[39m
            
[33mviewBox[39m=[32m"0 0 
24 24"[39m
            
[33mwidth[39m=[32m"24"[39m
            [33mxmlns[39m=[
32m"http://www.w3.org/2000/svg
"[39m
          [36m>[39m
            [36m<circle[39m
              
[33mcx[39m=[32m"12"[39m
              
[33mcy[39m=[32m"12"[39m
              
[33mr[39m=[32m"4"[39m
            [36m/>[39m
            [36m<path[39m
              
[33md[39m=[32m"M12 
2v2"[39m
            [36m/>[39m
            [36m<path[39m
              
[33md[39m=[32m"M12 
20v2"[39m
            [36m/>[39m
            [36m<path[39m
              
[33md[39m=[32m"m4.93 4.93 
1.41 1.41"[39m
            [36m/>[39m
            [36m<path[39m
              
[33md[39m=[32m"m17.66 
17.66 1.41 1.41"[39m
            [36m/>[39m
            [36m<path[39m
              
[33md[39m=[32m"M2 
12h2"[39m
            [36m/>[39m
            [36m<path[39m
              
[33md[39m=[32m"M20 
12h2"[39m
            [36m/>[39m
            [36m<path[39m
              
[33md[39m=[32m"m6.34 
17.66-1.41 1.41"[39m
            [36m/>[39m
            [36m<path[39m
              
[33md[39m=[32m"m19.07 
4.93-1.41 1.41"[39m
            [36m/>[39m
          [36m</svg>[39m
          [36m<svg[39m
            [33maria-hidden[
39m=[32m"true"[39m
            
[33mclass[39m=[32m"lucide 
lucide-moon absolute h-5 w-5 
rotate-90 scale-0 
transition-all dark:rotate-0 
dark:scale-100"[39m
            [33mfill[39m=[3
2m"none"[39m
            [33mheight[39m=
[32m"24"[39m
            [33mstroke[39m=
[32m"currentColor"[39m
            [33mstroke-lineca
p[39m=[32m"round"[39m
            [33mstroke-linejo
in[39m=[32m"round"[39m
            [33mstroke-width
[39m=[32m"2"[39m
            
[33mviewBox[39m=[32m"0 0 
24 24"[39m
            
[33mwidth[39m=[32m"24"[39m
            [33mxmlns[39m=[
32m"http://www.w3.org/2000/svg
"[39m
          [36m>[39m
            [36m<path[39m
              
[33md[39m=[32m"M20.985 
12.486a9 9 0 1 1-9.473-9.472c.
405-.022.617.46.402.803a6 6 0 
0 0 8.268 8.268c.344-.215.825-
.004.803.401"[39m
            [36m/>[39m
          [36m</svg>[39m
          [36m<span[39m
            [33mclass[39m=[
32m"sr-only"[39m
          [36m>[39m
            [0m╪¬╪¿╪»┘è┘ä 
╪º┘ä╪│┘à╪⌐[0m
          [36m</span>[39m
        [36m</button>[39m
      [36m</div>[39m
    [36m</body>[39m

    [0m [90m 41 |[39m     r
ender([33m<[39m[33mThemeTog
gle[39m 
[33m/[39m[33m>[39m)
     [90m 42 |[39m     fireE
vent[33m.[39mclick(screen[3
3m.[39mgetByRole([32m'button
'[39m[33m,[39m { 
name[33m:[39m 
[35m/(?:╪¬╪¿╪»┘è┘ä 
╪º┘ä╪│┘à╪⌐|toggle 
theme)/i[39m }))
    [31m[1m>[22m[39m[90m 
43 |[39m     fireEvent[33m.
[39mclick(screen[33m.[39mget
ByText([35m/(?:╪º┘ä┘ê╪╢╪╣ 
╪º┘ä┘ü╪º╪¬╪¡|light)/i[39m))
     [90m    |[39m          
                  
[31m[1m^[22m[39m
     [90m 44 |[39m
     [90m 45 |[39m     expec
t(setTheme)[33m.[39mtoHaveBe
enCalledWith([32m'light'[39m
)
     [90m 46 |[39m   })[0m

      at 
Object.getElementError (node_m
odules/@testing-library/dom/di
st/config.js:37:19)
      at node_modules/@testing
-library/dom/dist/query-helper
s.js:76:38
      at node_modules/@testing
-library/dom/dist/query-helper
s.js:52:17
      at node_modules/@testing
-library/dom/dist/query-helper
s.js:95:19
      at Object.getByText (src
/components/__tests__/theme-to
ggle.test.tsx:43:28)

  ΓùÅ ThemeToggle Component 
ΓÇ║ should call setTheme with 
"dark" when dark option is 
clicked

    
TestingLibraryElementError: 
Unable to find an element 
with the text: /(?:╪º┘ä┘ê╪╢╪╣ 
╪º┘ä╪»╪º┘â┘å|dark)/i. This 
could be because the text is 
broken up by multiple 
elements. In this case, you 
can provide a function for 
your text matcher to make 
your matcher more flexible.

    Ignored nodes: comments, 
script, style
    [36m<body>[39m
      [36m<div>[39m
        [36m<button[39m
          [33maria-expanded[
39m=[32m"false"[39m
          [33maria-haspopup[
39m=[32m"menu"[39m
          [33mclass[39m=[32
m"inline-flex items-center 
justify-center 
whitespace-nowrap text-sm 
font-medium 
ring-offset-background 
transition-colors 
focus-visible:outline-none 
focus-visible:ring-2 
focus-visible:ring-ring 
focus-visible:ring-offset-2 
disabled:pointer-events-none 
disabled:opacity-50 
hover:bg-accent 
hover:text-accent-foreground 
h-9 w-9 relative 
rounded-full"[39m
          [33mdata-state[39m
=[32m"closed"[39m
          [33mid[39m=[32m"r
adix-:r6:"[39m
          [33mtype[39m=[32m
"button"[39m
        [36m>[39m
          [36m<svg[39m
            [33maria-hidden[
39m=[32m"true"[39m
            
[33mclass[39m=[32m"lucide 
lucide-sun h-5 w-5 rotate-0 
scale-100 transition-all 
dark:-rotate-90 
dark:scale-0"[39m
            [33mfill[39m=[3
2m"none"[39m
            [33mheight[39m=
[32m"24"[39m
            [33mstroke[39m=
[32m"currentColor"[39m
            [33mstroke-lineca
p[39m=[32m"round"[39m
            [33mstroke-linejo
in[39m=[32m"round"[39m
            [33mstroke-width
[39m=[32m"2"[39m
            
[33mviewBox[39m=[32m"0 0 
24 24"[39m
            
[33mwidth[39m=[32m"24"[39m
            [33mxmlns[39m=[
32m"http://www.w3.org/2000/svg
"[39m
          [36m>[39m
            [36m<circle[39m
              
[33mcx[39m=[32m"12"[39m
              
[33mcy[39m=[32m"12"[39m
              
[33mr[39m=[32m"4"[39m
            [36m/>[39m
            [36m<path[39m
              
[33md[39m=[32m"M12 
2v2"[39m
            [36m/>[39m
            [36m<path[39m
              
[33md[39m=[32m"M12 
20v2"[39m
            [36m/>[39m
            [36m<path[39m
              
[33md[39m=[32m"m4.93 4.93 
1.41 1.41"[39m
            [36m/>[39m
            [36m<path[39m
              
[33md[39m=[32m"m17.66 
17.66 1.41 1.41"[39m
            [36m/>[39m
            [36m<path[39m
              
[33md[39m=[32m"M2 
12h2"[39m
            [36m/>[39m
            [36m<path[39m
              
[33md[39m=[32m"M20 
12h2"[39m
            [36m/>[39m
            [36m<path[39m
              
[33md[39m=[32m"m6.34 
17.66-1.41 1.41"[39m
            [36m/>[39m
            [36m<path[39m
              
[33md[39m=[32m"m19.07 
4.93-1.41 1.41"[39m
            [36m/>[39m
          [36m</svg>[39m
          [36m<svg[39m
            [33maria-hidden[
39m=[32m"true"[39m
            
[33mclass[39m=[32m"lucide 
lucide-moon absolute h-5 w-5 
rotate-90 scale-0 
transition-all dark:rotate-0 
dark:scale-100"[39m
            [33mfill[39m=[3
2m"none"[39m
            [33mheight[39m=
[32m"24"[39m
            [33mstroke[39m=
[32m"currentColor"[39m
            [33mstroke-lineca
p[39m=[32m"round"[39m
            [33mstroke-linejo
in[39m=[32m"round"[39m
            [33mstroke-width
[39m=[32m"2"[39m
            
[33mviewBox[39m=[32m"0 0 
24 24"[39m
            
[33mwidth[39m=[32m"24"[39m
            [33mxmlns[39m=[
32m"http://www.w3.org/2000/svg
"[39m
          [36m>[39m
            [36m<path[39m
              
[33md[39m=[32m"M20.985 
12.486a9 9 0 1 1-9.473-9.472c.
405-.022.617.46.402.803a6 6 0 
0 0 8.268 8.268c.344-.215.825-
.004.803.401"[39m
            [36m/>[39m
          [36m</svg>[39m
          [36m<span[39m
            [33mclass[39m=[
32m"sr-only"[39m
          [36m>[39m
            [0m╪¬╪¿╪»┘è┘ä 
╪º┘ä╪│┘à╪⌐[0m
          [36m</span>[39m
        [36m</button>[39m
      [36m</div>[39m
    [36m</body>[39m

    [0m [90m 49 |[39m     r
ender([33m<[39m[33mThemeTog
gle[39m 
[33m/[39m[33m>[39m)
     [90m 50 |[39m     fireE
vent[33m.[39mclick(screen[3
3m.[39mgetByRole([32m'button
'[39m[33m,[39m { 
name[33m:[39m 
[35m/(?:╪¬╪¿╪»┘è┘ä 
╪º┘ä╪│┘à╪⌐|toggle 
theme)/i[39m }))
    [31m[1m>[22m[39m[90m 
51 |[39m     fireEvent[33m.
[39mclick(screen[33m.[39mget
ByText([35m/(?:╪º┘ä┘ê╪╢╪╣ 
╪º┘ä╪»╪º┘â┘å|dark)/i[39m))
     [90m    |[39m          
                  
[31m[1m^[22m[39m
     [90m 52 |[39m
     [90m 53 |[39m     expec
t(setTheme)[33m.[39mtoHaveBe
enCalledWith([32m'dark'[39m)
     [90m 54 |[39m   })[0m

      at 
Object.getElementError (node_m
odules/@testing-library/dom/di
st/config.js:37:19)
      at node_modules/@testing
-library/dom/dist/query-helper
s.js:76:38
      at node_modules/@testing
-library/dom/dist/query-helper
s.js:52:17
      at node_modules/@testing
-library/dom/dist/query-helper
s.js:95:19
      at Object.getByText (src
/components/__tests__/theme-to
ggle.test.tsx:51:28)

  ΓùÅ ThemeToggle Component 
ΓÇ║ should call setTheme with 
"system" when system option 
is clicked

    
TestingLibraryElementError: 
Unable to find an element 
with the text: /(?:┘å╪╕╪º┘à 
╪º┘ä╪¼┘ç╪º╪▓|system)/i. This 
could be because the text is 
broken up by multiple 
elements. In this case, you 
can provide a function for 
your text matcher to make 
your matcher more flexible.

    Ignored nodes: comments, 
script, style
    [36m<body>[39m
      [36m<div>[39m
        [36m<button[39m
          [33maria-expanded[
39m=[32m"false"[39m
          [33maria-haspopup[
39m=[32m"menu"[39m
          [33mclass[39m=[32
m"inline-flex items-center 
justify-center 
whitespace-nowrap text-sm 
font-medium 
ring-offset-background 
transition-colors 
focus-visible:outline-none 
focus-visible:ring-2 
focus-visible:ring-ring 
focus-visible:ring-offset-2 
disabled:pointer-events-none 
disabled:opacity-50 
hover:bg-accent 
hover:text-accent-foreground 
h-9 w-9 relative 
rounded-full"[39m
          [33mdata-state[39m
=[32m"closed"[39m
          [33mid[39m=[32m"r
adix-:r8:"[39m
          [33mtype[39m=[32m
"button"[39m
        [36m>[39m
          [36m<svg[39m
            [33maria-hidden[
39m=[32m"true"[39m
            
[33mclass[39m=[32m"lucide 
lucide-sun h-5 w-5 rotate-0 
scale-100 transition-all 
dark:-rotate-90 
dark:scale-0"[39m
            [33mfill[39m=[3
2m"none"[39m
            [33mheight[39m=
[32m"24"[39m
            [33mstroke[39m=
[32m"currentColor"[39m
            [33mstroke-lineca
p[39m=[32m"round"[39m
            [33mstroke-linejo
in[39m=[32m"round"[39m
            [33mstroke-width
[39m=[32m"2"[39m
            
[33mviewBox[39m=[32m"0 0 
24 24"[39m
            
[33mwidth[39m=[32m"24"[39m
            [33mxmlns[39m=[
32m"http://www.w3.org/2000/svg
"[39m
          [36m>[39m
            [36m<circle[39m
              
[33mcx[39m=[32m"12"[39m
              
[33mcy[39m=[32m"12"[39m
              
[33mr[39m=[32m"4"[39m
            [36m/>[39m
            [36m<path[39m
              
[33md[39m=[32m"M12 
2v2"[39m
            [36m/>[39m
            [36m<path[39m
              
[33md[39m=[32m"M12 
20v2"[39m
            [36m/>[39m
            [36m<path[39m
              
[33md[39m=[32m"m4.93 4.93 
1.41 1.41"[39m
            [36m/>[39m
            [36m<path[39m
              
[33md[39m=[32m"m17.66 
17.66 1.41 1.41"[39m
            [36m/>[39m
            [36m<path[39m
              
[33md[39m=[32m"M2 
12h2"[39m
            [36m/>[39m
            [36m<path[39m
              
[33md[39m=[32m"M20 
12h2"[39m
            [36m/>[39m
            [36m<path[39m
              
[33md[39m=[32m"m6.34 
17.66-1.41 1.41"[39m
            [36m/>[39m
            [36m<path[39m
              
[33md[39m=[32m"m19.07 
4.93-1.41 1.41"[39m
            [36m/>[39m
          [36m</svg>[39m
          [36m<svg[39m
            [33maria-hidden[
39m=[32m"true"[39m
            
[33mclass[39m=[32m"lucide 
lucide-moon absolute h-5 w-5 
rotate-90 scale-0 
transition-all dark:rotate-0 
dark:scale-100"[39m
            [33mfill[39m=[3
2m"none"[39m
            [33mheight[39m=
[32m"24"[39m
            [33mstroke[39m=
[32m"currentColor"[39m
            [33mstroke-lineca
p[39m=[32m"round"[39m
            [33mstroke-linejo
in[39m=[32m"round"[39m
            [33mstroke-width
[39m=[32m"2"[39m
            
[33mviewBox[39m=[32m"0 0 
24 24"[39m
            
[33mwidth[39m=[32m"24"[39m
            [33mxmlns[39m=[
32m"http://www.w3.org/2000/svg
"[39m
          [36m>[39m
            [36m<path[39m
              
[33md[39m=[32m"M20.985 
12.486a9 9 0 1 1-9.473-9.472c.
405-.022.617.46.402.803a6 6 0 
0 0 8.268 8.268c.344-.215.825-
.004.803.401"[39m
            [36m/>[39m
          [36m</svg>[39m
          [36m<span[39m
            [33mclass[39m=[
32m"sr-only"[39m
          [36m>[39m
            [0m╪¬╪¿╪»┘è┘ä 
╪º┘ä╪│┘à╪⌐[0m
          [36m</span>[39m
        [36m</button>[39m
      [36m</div>[39m
    [36m</body>[39m

    [0m [90m 57 |[39m     r
ender([33m<[39m[33mThemeTog
gle[39m 
[33m/[39m[33m>[39m)
     [90m 58 |[39m     fireE
vent[33m.[39mclick(screen[3
3m.[39mgetByRole([32m'button
'[39m[33m,[39m { 
name[33m:[39m 
[35m/(?:╪¬╪¿╪»┘è┘ä 
╪º┘ä╪│┘à╪⌐|toggle 
theme)/i[39m }))
    [31m[1m>[22m[39m[90m 
59 |[39m     fireEvent[33m.
[39mclick(screen[33m.[39mget
ByText([35m/(?:┘å╪╕╪º┘à 
╪º┘ä╪¼┘ç╪º╪▓|system)/i[39m))
     [90m    |[39m          
                  
[31m[1m^[22m[39m
     [90m 60 |[39m
     [90m 61 |[39m     expec
t(setTheme)[33m.[39mtoHaveBe
enCalledWith([32m'system'[39
m)
     [90m 62 |[39m   })[0m

      at 
Object.getElementError (node_m
odules/@testing-library/dom/di
st/config.js:37:19)
      at node_modules/@testing
-library/dom/dist/query-helper
s.js:76:38
      at node_modules/@testing
-library/dom/dist/query-helper
s.js:52:17
      at node_modules/@testing
-library/dom/dist/query-helper
s.js:95:19
      at Object.getByText (src
/components/__tests__/theme-to
ggle.test.tsx:59:28)

PASS src/components/__tests__/
logo.test.tsx
  Logo Component
    ΓêÜ should render the 
logo text (71 ms)
    ΓêÜ should link to the 
homepage (84 ms)

FAIL tests-examples/demo-todo-
app.spec.ts
  ΓùÅ Test suite failed to run

    Playwright Test did not 
expect test.beforeEach() to 
be called here.
    Most common reasons 
include:
    - You are calling 
test.beforeEach() in a 
configuration file.
    - You are calling 
test.beforeEach() in a file 
that is imported by the 
configuration file.
    - You have two different 
versions of @playwright/test. 
This usually happens
      when one of the 
dependencies in your 
package.json depends on 
@playwright/test.

    [0m [90m 1 |[39m 
[36mimport[39m { 
test[33m,[39m 
expect[33m,[39m type 
[33mPage[39m } 
[36mfrom[39m [32m'@playwrig
ht/test'[39m[33m;[39m
     [90m 2 |[39m
    [31m[1m>[22m[39m[90m 
3 |[39m test[33m.[39mbefore
Each([36masync[39m ({ page 
}) [33m=>[39m {
     [90m   |[39m      
[31m[1m^[22m[39m
     [90m 4 |[39m   
[36mawait[39m page[33m.[39
mgoto([32m'https://demo.playw
right.dev/todomvc'[39m)[33m;
[39m
     [90m 5 |[39m 
})[33m;[39m
     [90m 6 |[39m[0m

      at 
TestTypeImpl._currentSuite (no
de_modules/playwright/lib/comm
on/testType.js:74:13)
      at TestTypeImpl._hook (n
ode_modules/playwright/lib/com
mon/testType.js:159:24)
      at Function.beforeEach (
node_modules/playwright/lib/tr
ansform/transform.js:275:12)
      at Object.beforeEach (te
sts-examples/demo-todo-app.spe
c.ts:3:6)

FAIL tests/example.spec.ts
  ΓùÅ Test suite failed to run

    Playwright Test needs to 
be invoked via 'npx 
playwright test' and excluded 
from Jest test runs.
    Creating one directory 
for Playwright tests and one 
for Jest is the recommended 
way of doing it.
    See https://playwright.dev
/docs/intro for more 
information about Playwright 
Test.

    [0m [90m 1 |[39m 
[36mimport[39m { 
test[33m,[39m expect } 
[36mfrom[39m [32m'@playwrig
ht/test'[39m[33m;[39m
     [90m 2 |[39m
    [31m[1m>[22m[39m[90m 
3 |[39m test([32m'has 
title'[39m[33m,[39m 
[36masync[39m ({ page }) 
[33m=>[39m {
     [90m   |[39m     
[31m[1m^[22m[39m
     [90m 4 |[39m   
[36mawait[39m page[33m.[39
mgoto([32m'https://playwright
.dev/'[39m)[33m;[39m
     [90m 5 |[39m
     [90m 6 |[39m   [90m// 
Expect a title "to contain" a 
substring.[39m[0m

      at 
throwIfRunningInsideJest (node
_modules/playwright/lib/common
/testType.js:272:11)
      at 
TestTypeImpl._createTest (node
_modules/playwright/lib/common
/testType.js:86:5)
      at node_modules/playwrig
ht/lib/transform/transform.js:
275:12
      at Object.<anonymous> 
(tests/example.spec.ts:3:5)

Test Suites: 3 failed, 1 
passed, 4 total
Tests:       4 failed, 3 
passed, 7 total
Snapshots:   0 total
Time:        15.424 s
Ran all test suites.
